[www.beginnings.com/ResourcePackages/Custom/assets/css/main7c49.css]
[www.beginnings.com/favicon/favicon-96x96.png]
[www.beginnings.com/favicon/favicon.ico]
[www.beginnings.com/favicon/apple-touch-icon.png]
[backblue.gif]
[fade.gif]
[index.html]
[www.beginnings.com/favicon/site.webmanifest]
[clients.lk-cs.com/id/62310/images/623108058380741-compressed.jpg]
[www.beginnings.com/images/default-source/cfcu-branded/cfcu-icons/digital-banking-icon_white67b8.png]
[www.beginnings.com/images/default-source/logos/finger-lakes-favorites-gold-202470de.png]
[www.beginnings.com/docs/default-source/default-document-library/business-brochure_updated-6-5-2024670b.pdf]
[clients.lk-cs.com/shared/js/ts.vendor.min.js]
[clients.lk-cs.com/shared/js/ts.min.js]
[www.beginnings.com/ResourcePackages/Custom/assets/js/script.min7c49.js]
[www.beginnings.com/Frontend-Assembly/Telerik.Sitefinity.Frontend.Search/Mvc/Scripts/SearchBox/Search-box.min25f6.js]
[autolink.io/cfcu/widget.js]
[diffuser-cdn.app-us1.com/diffuser/diffuser.js]
[www.beginnings.com/index.html]
[www.beginnings.com/ScriptResource0887.js]
[www.beginnings.com/ScriptResource9714.js]
[tags.srv.stackadapt.com/events.js]
[www.beginnings.com/ResourcePackages/Custom/assets/fonts/Assistant.woff]
[www.beginnings.com/ResourcePackages/Custom/assets/fonts/Assistant-SemiBold.woff2]
[www.beginnings.com/ResourcePackages/Custom/assets/fonts/Assistant-SemiBold.woff]
[www.beginnings.com/ResourcePackages/Custom/assets/fonts/Assistant-Bold.woff2]
[www.beginnings.com/ResourcePackages/Custom/assets/fonts/Assistant-Bold.woff]
[www.beginnings.com/ResourcePackages/Custom/assets/fonts/HendersonSans.woff2]
[www.beginnings.com/ResourcePackages/Custom/assets/fonts/HendersonSans.woff]
[www.beginnings.com/ResourcePackages/Custom/assets/fonts/HendersonSans-SmBd.woff2]
[www.beginnings.com/ResourcePackages/Custom/assets/fonts/HendersonSans-SmBd.woff]
[www.beginnings.com/ResourcePackages/Custom/assets/fonts/HendersonSans-Bd.woff2]
[www.beginnings.com/ResourcePackages/Custom/assets/fonts/HendersonSans-Bd.woff]
[www.beginnings.com/ResourcePackages/Custom/assets/fonts/HendersonSans-Lt.woff2]
[www.beginnings.com/ResourcePackages/Custom/assets/fonts/HendersonSans-Lt.woff]
[www.beginnings.com/ResourcePackages/Custom/assets/fonts/HendersonSlab-SmBd.woff2]
[www.beginnings.com/ResourcePackages/Custom/assets/fonts/HendersonSlab-SmBd.woff]
[www.beginnings.com/ResourcePackages/Custom/assets/fonts/HendersonSlab-Blk.woff2]
[www.beginnings.com/ResourcePackages/Custom/assets/fonts/HendersonSlab-Blk.woff]
[www.beginnings.com/ResourcePackages/Custom/assets/fonts/HendersonSlabBold.woff2]
[www.beginnings.com/ResourcePackages/Custom/assets/fonts/HendersonSlabBold.woff]
[www.beginnings.com/ResourcePackages/Custom/assets/images/texture1.webp]
[www.beginnings.com/ResourcePackages/Custom/assets/images/flutter-dark.webp]
[www.beginnings.com/ResourcePackages/Custom/assets/images/texture5.webp]
[www.beginnings.com/ResourcePackages/Custom/assets/images/texture2.webp]
[www.beginnings.com/ResourcePackages/Custom/assets/images/bloom-white.webp]
[www.beginnings.com/ResourcePackages/Custom/assets/images/swerve-gold.webp]
[www.beginnings.com/ResourcePackages/Custom/assets/images/flutter-light.webp]
[www.beginnings.com/ResourcePackages/Custom/assets/images/texture4.webp]
[www.beginnings.com/ResourcePackages/Custom/assets/images/texture3.webp]
[www.beginnings.com/ResourcePackages/Custom/assets/images/fancybox_sprite.png]
[www.beginnings.com/ResourcePackages/Custom/assets/images/fancybox_loading.gif]
[www.beginnings.com/ResourcePackages/Custom/assets/images/blank.gif]
[www.beginnings.com/ResourcePackages/Custom/assets/images/customfancybox_overlay.png]
[www.beginnings.com/ResourcePackages/Custom/assets/images/fancybox_sprite@2x.png]
[www.beginnings.com/ResourcePackages/Custom/assets/images/fancybox_loading@2x.gif]
[www.beginnings.com/ResourcePackages/Custom/assets/css/main7c49.css]
[www.beginnings.com/favicon/favicon.svg]
[www.googletagmanager.com/gtm5445.html]
[www.beginnings.com/images/default-source/new-branding/beg_logo_horiz_whitedead.svg]
[www.beginnings.com/ResourcePackages/Custom/assets/css/main-inside7c49.css]
[www.beginnings.com/images/default-source/header-images/beginnings-brand-treated-form-adr/checkingaccounts_shutterstock_1469785088_stylized2503546a11224a3f8bc64bd81685c23d6a2c.png]
[www.beginnings.com/images/default-source/other-images/other/tell-your-friends_features-image3e393.png]
[www.beginnings.com/images/default-source/other-images/other/tell-your-friends_features-image2f5d4.png]
[www.beginnings.com/images/default-source/header-images/other/photo66c57.jpg]
[www.beginnings.com/personal/deposit-accounts.html]
[www.beginnings.com/personal/deposit-accounts/checking.html]
[www.beginnings.com/images/default-source/header-images/beginnings-brand-treated-form-adr/savingsaccounts_stocksy_1066660_stylizedc2bf.png]
[www.beginnings.com/images/default-source/cfcu-branded/beginnings_cert_promo_in_branch_static_digital_rgb_1280x720a6fe.png]
[www.beginnings.com/images/default-source/cfcu-branded/beginnings_cert_promo_website_featurece39.png]
[www.beginnings.com/personal/deposit-accounts/savings.html]
[www.beginnings.com/images/default-source/header-images/beginnings-brand-treated-form-adr/certificates_stocksy_5676173_stylized82c2.png]
[www.beginnings.com/images/default-source/other-images/other/lucky-savers-winners239e.jpg]
[www.beginnings.com/docs/default-source/disclosures/beginnings_lucky-savers-official-rules5e83.pdf]
[www.beginnings.com/personal/deposit-accounts/certificates.html]
[www.beginnings.com/images/default-source/header-images/other/lucky-savers---landing-page-image-headerfad2.jpg]
[www.beginnings.com/images/default-source/header-images/other/money-market-ad3e70.jpg]
[www.beginnings.com/personal/deposit-accounts/lucky-savers.html]
[www.beginnings.com/images/default-source/header-images/beginnings-brand-treated-form-adr/moneymarketaccounts_stocksy_3279244_stylizedeb5a.png]
[www.beginnings.com/personal/deposit-accounts/money-market.html]
[www.beginnings.com/images/default-source/header-images/deposit-accounts/personal-IRA5d11.jpg]
[eresourcecenter.ascensus.com/idcpro/groups/public/@resourcecenter/documents/webcontent/T014817.jpg]
[eresourcecenter.ascensus.com/idcpro/groups/public/@resourcecenter/documents/webcontent/T014818.jpg]
[eresourcecenter.ascensus.com/idcpro/groups/public/@resourcecenter/documents/webcontent/T014816.jpg]
[eresourcecenter.ascensus.com/idcpro/groups/public/@resourcecenter/documents/webcontent/T014819.jpg]
[eresourcecenter.ascensus.com/idcpro/groups/public/@resourcecenter/documents/webcontent/T014820.jpg]
[eresourcecenter.ascensus.com/idcpro/groups/public/@resourcecenter/documents/webcontent/T014821.jpg]
[www.beginnings.com/personal/deposit-accounts/iras.html]
[www.beginnings.com/images/default-source/header-images/beginnings-brand-treated-form-adr/digitalbankingupdate_stocksy_5564852_stylizedfd57.png]
[www.beginnings.com/personal/deposit-accounts/banking-for-college-students.html]
[www.beginnings.com/images/default-source/header-images/beginnings-brand-treated-form-adr/personalloans_stocksy_6654665_stylized8dab.png]
[www.beginnings.com/images/default-source/other-images/how-to/uchoose-image_linked-accounts_jpegc9e9.jpg]
[www.beginnings.com/images/default-source/other-images/other/uchoose-image_computer_jpegd04a.jpg]
[www.beginnings.com/personal/deposit-accounts/uchoose-rewards.html]
[www.beginnings.com/images/default-source/header-images/home-loans/HELOCee5e.jpg]
[www.beginnings.com/personal/loans.html]
[www.beginnings.com/personal/loans/personal-loans.html]
[www.beginnings.com/images/default-source/header-images/beginnings-brand-treated-form-adr/rewardscreditcards_from-vid-shoot_stylized6a70.png]
[www.beginnings.com/docs/default-source/default-document-library/GTB_CRED_CoreCredit_1120_CFCU6242.pdf]
[www.beginnings.com/docs/default-source/disclosures/beginnings_credit-card-application-disclosurec70c.pdf]
[www.beginnings.com/personal/loans/rewards-credit-cards.html]
[www.beginnings.com/images/default-source/header-images/beginnings-brand-treated-form-adr/autoloans_4205774_stylized4584.png]
[www.beginnings.com/docs/default-source/default-document-library/dealer-list-as-of-dec-20244f94.pdf]
[www.beginnings.com/images/default-source/new-branding/payment-saver-website-image-1fd4a.jpg]
[www.beginnings.com/images/default-source/new-branding/payment-saver-website-image-2e107.jpg]
[www.beginnings.com/docs/default-source/default-document-library/payment-saver-faqs1876.pdf]
[www.beginnings.com/images/default-source/new-branding/beg_logo_insurance_horiz_cmykc6fd.jpg]
[www.beginnings.com/personal/loans/auto-loans.html]
[www.beginnings.com/images/default-source/header-images/loans/personal-boat-rv-recreationbaa1.jpg]
[www.beginnings.com/images/default-source/header-images/other/personal-loan-adf0ab.jpg]
[www.beginnings.com/personal/loans/boat-rv-and-recreation.html]
[www.beginnings.com/images/default-source/header-images/loans/personal-other-loan40ca.jpg]
[www.beginnings.com/personal/loans/other-loan-options.html]
[www.beginnings.com/images/default-source/other-images/stock-images/adobestock_736075594faa3.jpeg]
[www.beginnings.com/personal/loans/green-loans.html]
[www.beginnings.com/images/default-source/header-images/beginnings-brand-treated-form-adr/mortgageloans_stocksy_3900828_stylized379d.png]
[www.beginnings.com/images/default-source/staff/headshots/nicole-avatar9047.jpg]
[www.beginnings.com/images/default-source/staff/headshots/Jayne-Ellis-picture-20225660.jpg]
[www.beginnings.com/images/default-source/staff/headshots/Sean-Loomis-picture-2022ca98.jpg]
[www.beginnings.com/images/default-source/staff/headshots/Kim-Rozell-picture-202212aa.jpg]
[www.beginnings.com/docs/default-source/default-document-library/CFCU-Home-Buying-Guide_website-version3a45.pdf]
[www.beginnings.com/docs/default-source/default-document-library/Closing-Process-FAQs_32922819d.pdf]
[www.beginnings.com/personal/home-loans.html]
[www.beginnings.com/personal/home-loans/mortgage-loans.html]
[www.beginnings.com/images/default-source/header-images/loans/personal-mortgage-refinanceaf0a.jpg]
[www.beginnings.com/personal/home-loans/mortgage-refinance.html]
[www.beginnings.com/images/default-source/header-images/beginnings-brand-treated-form-adr/landandconstructionloans_440478_stylizedb25f.png]
[www.beginnings.com/personal/home-loans/land-and-construction-loans.html]
[www.beginnings.com/images/default-source/header-images/beginnings-brand-treated-form-adr/homeequityandheloc_stocksy_5972394_stylized23de.png]
[www.beginnings.com/docs/default-source/disclosures/heloc-brochure-4-25-24e7a3.pdf]
[www.beginnings.com/personal/home-loans/home-equity-loans.html]
[www.beginnings.com/images/default-source/other-images/stock-images/mortgage-meet-the-team-banner2f30.jpg]
[www.beginnings.com/personal/home-loans/meet-the-mortgage-team.html]
[www.beginnings.com/images/default-source/header-images/beginnings-brand-treated-form-adr/businessdigitalmobilebanking_adobestock_568487441_stylized96f5.png]
[www.beginnings.com/images/default-source/logos/apple-app95f3.jpg]
[www.beginnings.com/images/default-source/logos/get-it-on-google-playdabd.jpg]
[www.beginnings.com/personal/resources.html]
[www.beginnings.com/images/default-source/header-images/beginnings-brand-treated-form-adr/cfcumore_adobestock_899526291_stylized9af0.png]
[www.beginnings.com/docs/default-source/default-document-library/updating-to-the-beginnings-app_updated-7-1-258cba.pdf]
[www.beginnings.com/personal/resources/digital-banking.html]
[www.beginnings.com/images/default-source/header-images/other/personal-join-cfcu6205.jpg]
[www.beginnings.com/docs/default-source/default-document-library/CORE-SEG-Groupsb61d.pdf]
[www.beginnings.com/personal/resources/join-beginnings-credit-union.html]
[www.beginnings.com/images/default-source/header-images/beginnings-brand-treated-form-adr/makealoanpayment_stocksy_5725239_stylizeded4a.png]
[www.beginnings.com/videos/default-source/default-video-library/cfcu-loan-payment-portalb492.mp4]
[www.beginnings.com/videos/default-source/default-video-library/cfcu-loan-payment-portal---set-up-recurring-paymentcb1c.mp4]
[www.beginnings.com/videos/default-source/default-video-library/cfcu-loan-payment-portal---schedule-a-one-time-payment0d15.mp4]
[www.beginnings.com/Frontend-Assembly/Telerik.Sitefinity.Frontend.Media/Mvc/Scripts/Video/video.min25f6.js]
[www.beginnings.com/personal/resources/make-a-loan-payment.html]
[www.beginnings.com/images/default-source/header-images/beginnings-brand-treated-form-adr/skipapay_stocksy_4916993_stylizeda5c0.png]
[www.beginnings.com/personal/resources/skip-a-loan-payment.html]
[www.beginnings.com/images/default-source/header-images/beginnings-brand-treated-form-adr/securityandfraud_shutterstock_1859124007_stylized1273.png]
[www.beginnings.com/personal/resources/security-and-fraud.html]
[www.beginnings.com/images/default-source/header-images/other/personal-calculatorscbd8.jpg]
[www.beginnings.com/personal/resources/calculators.html]
[www.beginnings.com/images/default-source/header-images/other/personal-how-to-move-money57de.jpg]
[www.beginnings.com/docs/default-source/default-document-library/Incoming-Wire-Transfer-Instructions_20226c5e.pdf]
[www.beginnings.com/personal/resources/wire-transfers.html]
[www.beginnings.com/images/default-source/header-images/other/personal-planning-to-traveld5cd.jpg]
[www.beginnings.com/images/default-source/logos/allpoint-co-op-sharenet1f1e.png]
[www.beginnings.com/personal/resources/prepare-for-travel.html]
[www.beginnings.com/images/default-source/header-images/other/member-forms716a.jpg]
[www.beginnings.com/docs/default-source/member-forms/CFCU-Community-Credit-Union-Deposit-Slip-20190d99.pdf]
[www.beginnings.com/docs/default-source/member-forms/CFCU-Community-Credit-Union-Withdrawal-Slip-2019dcd5.pdf]
[www.beginnings.com/docs/default-source/member-forms/CFCU-Community-Credit-Union-Loan-Payment-Slip-20193131.pdf]
[www.beginnings.com/other/member-forms.html]
[www.beginnings.com/images/default-source/header-images/other/screenshot-2024-04-05-1423158f3d29f2-9330-47cd-a9f5-af3c145acf42ccac.jpg]
[www.beginnings.com/docs/default-source/default-document-library/cfcu-deceased-member-accounts117b.pdf]
[www.beginnings.com/personal/resources/deceased-member-booklet.html]
[www.beginnings.com/business/deposit-accounts.html]
[www.beginnings.com/business/deposit-accounts/business-checking.html]
[www.beginnings.com/images/default-source/header-images/business/banner-header-business-savings6c41.jpg]
[www.beginnings.com/business/deposit-accounts/business-savings.html]
[www.beginnings.com/images/default-source/header-images/business/banner-header-business-money-market16f3.jpg]
[www.beginnings.com/business/deposit-accounts/business-money-market.html]
[www.beginnings.com/images/default-source/header-images/business/banner-header-business-certificates2071.jpg]
[www.beginnings.com/business/deposit-accounts/business-certificates.html]
[www.beginnings.com/images/default-source/header-images/business/banner-header-business-custodial-escrowc516.jpg]
[www.beginnings.com/business/deposit-accounts/custodial-escrow-accounts.html]
[www.beginnings.com/docs/default-source/default-document-library/GTB_SMLBUS_BUSCARD_1220_CFCU-website1476.pdf]
[www.beginnings.com/images/default-source/header-images/business/business-term-loanef00.jpg]
[www.beginnings.com/business/business-loans.html]
[www.beginnings.com/business/business-loans/business-rewards-credit-card.html]
[www.beginnings.com/images/default-source/header-images/business/banner-header-business-loans01ad.jpg]
[www.beginnings.com/images/default-source/header-images/business/real-estate-businessf2b7.jpg]
[www.beginnings.com/business/business-loans/business-term-loans-and-lines-of-credit.html]
[www.beginnings.com/images/default-source/header-images/business/banner-header-business-overdraft-loanc663.jpg]
[www.beginnings.com/business/business-loans/overdraft-loan-protection.html]
[www.beginnings.com/business/commercial-real-estate-loans.html]
[www.beginnings.com/business/commercial-real-estate-loans/commercial-mortgages.html]
[www.beginnings.com/images/default-source/header-images/business/header-commercial-secured-line-credit0c8a.jpg]
[www.beginnings.com/business/commercial-real-estate-loans/real-estate-secured-line-of-credit.html]
[www.beginnings.com/images/default-source/header-images/business/header-meet-team9fbd.jpg]
[www.beginnings.com/images/default-source/staff/headshots/Kenjerska_Mark06cc.jpg]
[www.beginnings.com/images/default-source/staff/headshots/Philip-Shay---2022a2ca.jpg]
[www.beginnings.com/images/default-source/staff/headshots/Shine-Gonzalezc23e.jpg]
[www.beginnings.com/business/resources.html]
[www.beginnings.com/business/resources/meet-the-business-team.html]
[www.beginnings.com/images/default-source/header-images/business/header-commercial-merchant-servicesc070.jpg]
[www.beginnings.com/images/default-source/logos/clovercf45.png]
[www.beginnings.com/business/resources/merchant-services.html]
[www.beginnings.com/personal/resources/about-digital-mobile-banking.html]
[www.beginnings.com/images/default-source/header-images/beginnings-brand-treated-form-adr/contactus_stocksy_2072020_stylizedaa436a0db3fe4b69a203b795203b3c54131d.png]
[www.beginnings.com/about-us/resources.html]
[www.beginnings.com/about-us/resources/contact-us.html]
[www.beginnings.com/images/default-source/header-images/beginnings-brand-treated-form-adr/findabranchoratm_stocksy_1425134_stylized22bb3f2ba76e445bb4eb4abf8b45c2004bf3.png]
[www.beginnings.com/images/default-source/other-images/other/beginnings-branches-map_jpeg5cab.jpg]
[www.beginnings.com/images/default-source/logos/allpoint.tmb-small4f01.png]
[www.beginnings.com/images/default-source/logos/co-op_atm_4c-(1).tmb-ze-200-200d3d1.png]
[www.beginnings.com/about-us/resources/find-a-branch-or-atm.html]
[www.beginnings.com/about-us/about-beginnings-credit-union.html]
[www.beginnings.com/images/default-source/header-images/beginnings-brand-treated-form-adr/eventscalendar_from-vid-shoot_stylized4d62.png]
[www.beginnings.com/images/default-source/staff/headshots/lisa-headshot-320x480---universe-and-websiteef39.jpg]
[www.beginnings.com/images/default-source/staff/headshots/paul6775.jpg]
[www.beginnings.com/images/default-source/staff/headshots/20220729gh_009a-(2)0215.jpg]
[www.beginnings.com/images/default-source/staff/headshots/crane_headshot_20221387.jpg]
[www.beginnings.com/images/default-source/staff/headshots/mallorie-david_headshot1127.jpg]
[www.beginnings.com/images/default-source/staff/headshots/2022headshotbea9.jpg]
[www.beginnings.com/images/default-source/staff/headshots/blixy-headshot---122021cd4b.jpg]
[www.beginnings.com/images/default-source/staff/headshots/michelle-miner4150.jpg]
[www.beginnings.com/images/default-source/staff/headshots/doug-north-final529f.jpg]
[www.beginnings.com/images/default-source/staff/headshots/cortney-lowie7003.jpg]
[www.beginnings.com/images/default-source/staff/headshots/amy-wood-gonzalez-headshot---122021fa81.jpg]
[www.beginnings.com/images/default-source/staff/headshots/joe-birmingham30e2.jpeg]
[www.beginnings.com/images/default-source/staff/headshots/bruce-ryanabd6.jpg]
[www.beginnings.com/images/default-source/staff/headshots/joe-during-320x480-copy7574.jpg]
[www.beginnings.com/images/default-source/staff/headshots/skipp-hewitt90e0.jpg]
[www.beginnings.com/images/default-source/staff/headshots/susan-schattschneider---headshot-22d7fc.jpg]
[www.beginnings.com/images/default-source/staff/headshots/debbie-conley-jordanfec0.jpg]
[www.beginnings.com/images/default-source/staff/headshots/gregory-mezey7d8f.jpg]
[www.beginnings.com/about-us/about-beginnings-credit-union/about-beginnings-credit-union.html]
[www.beginnings.com/images/default-source/header-images/about-us/header-about-mission-vision-valuesa776.jpg]
[www.beginnings.com/about-us/about-beginnings-credit-union/mission-vision-and-values.html]
[www.beginnings.com/images/default-source/header-images/about-us/header-about-annual-meetingf2a2.jpg]
[www.beginnings.com/images/default-source/cfcu-branded/cfcu-other-images/2024-annual-report-image19b9.png]
[www.beginnings.com/docs/default-source/annual-report/1504_annreport_brandmint_ty-04-17-2025-10-final6744.pdf]
[www.beginnings.com/docs/default-source/annual-report/cfcu_annual_report_2023_lo_4-12-1006b72.pdf]
[www.beginnings.com/docs/default-source/annual-report/Annual-Report-2022-Design_LO_4-16806.pdf]
[www.beginnings.com/docs/default-source/annual-report/2021-Annual-Report-FINAL7c8e.pdf]
[www.beginnings.com/docs/default-source/annual-report/CFCU-Annual-Report-2020-FINAL335d.pdf]
[www.beginnings.com/docs/default-source/annual-report/CFCU-Annual-Report-201949a0.pdf]
[www.beginnings.com/docs/default-source/annual-report/CFCU-Annual-Report-20183805.pdf]
[www.beginnings.com/docs/default-source/annual-report/CFCU-Community-Credit-Union-2017-Annual-Report8d58.pdf]
[www.beginnings.com/docs/default-source/annual-report/Annual-Report-2016--small089f.pdf]
[www.beginnings.com/about-us/about-beginnings-credit-union/annual-meeting-and-report.html]
[www.beginnings.com/images/default-source/header-images/beginnings-brand-treated-form-adr/careeropportunities_stocksy_6162786_stylized1c22.png]
[www.beginnings.com/about-us/about-beginnings-credit-union/career-opportunities.html]
[www.beginnings.com/images/default-source/header-images/about-us/header-about-our-story2fd4.jpg]
[www.beginnings.com/about-us/about-beginnings-credit-union/message-the-supervisory-committee.html]
[www.beginnings.com/videos/default-source/default-video-library/cfcu-community-credit-union-is-now-beginnings-credit-union6ddd.mp4]
[www.beginnings.com/images/default-source/new-branding/logo-with-borderb2b4.png]
[www.beginnings.com/images/default-source/new-branding/logo-animation-parts758a.gif]
[www.beginnings.com/images/default-source/new-branding/cfcu_digital_banking_onsert_rgb_2280x7500fcd.png]
[www.beginnings.com/images/default-source/new-branding/lisa_website9c43.jpg]
[www.beginnings.com/images/default-source/new-branding/all-that-is-possiblec2ae.png]
[www.beginnings.com/about-us/about-beginnings-credit-union/new-beginnings.html]
[www.beginnings.com/images/default-source/header-images/about-us/header-about-scholarship3d53.jpg]
[www.beginnings.com/about-us/member-benefits.html]
[www.beginnings.com/about-us/member-benefits/scholarships-awards.html]
[www.beginnings.com/images/default-source/header-images/about-us/banner-header-about-discounts665c.jpg]
[www.beginnings.com/images/default-source/logos/lmcu-logo6f55.jpg]
[www.beginnings.com/about-us/member-benefits/love-my-credit-union---discounts.html]
[www.beginnings.com/images/default-source/header-images/about-us/header-about-volunteerb336.jpg]
[www.beginnings.com/about-us/member-benefits/community-impact-seeking-a-donation.html]
[www.beginnings.com/images/default-source/header-images/about-us/banner-header-insurance5802.jpg]
[www.beginnings.com/images/default-source/logos/trustage-insurance.tmb-medium4c28.jpg]
[www.beginnings.com/about-us/member-benefits/trustage-insurance.html]
[www.beginnings.com/images/default-source/events/event-icon-website132cd735-9871-4651-b85f-f4563069dce639eb.png]
[www.beginnings.com/docs/default-source/default-document-library/EWASTE-ACCEPTABLES-LIST-20207ebc.pdf]
[www.beginnings.com/images/default-source/events/sitef5e37f99-84f3-44ec-971a-1da13be93b416eb9.png]
[www.beginnings.com/images/default-source/events/cornell53591832-6e09-4a0a-a215-59fc9db00ae7059f.png]
[www.beginnings.com/images/default-source/events/suny-logo74e02978-4ab9-48d9-912b-ffb0b22eb3b45706.png]
[www.beginnings.com/images/default-source/events/event-images---cfcu-branded/cfcu-sidewalk-showcase3dacad6a-e021-40f7-b91b-1d7c6c61a5df5b5b.jpg]
[www.beginnings.com/images/default-source/events/site514d32ff-aab4-484b-b5fe-f7bff97184bff9c6.png]
[www.beginnings.com/images/default-source/events/event-images---cfcu-branded/summer-concert-series-lineup1af9.jpg]
[www.beginnings.com/images/default-source/events/event-images---cfcu-branded/facebook-postf4b5.jpg]
[www.beginnings.com/images/default-source/events/event-images---cfcu-branded/cfcu-day-sc-web-bit-v19fca.jpg]
[www.beginnings.com/images/default-source/events/sitef0e27ca9-d0f8-45ea-8afd-c552bb9d87812572.png]
[www.beginnings.com/images/default-source/events/cornellc769283a-6ab7-4698-9b88-bd1a944361d662ce.png]
[www.beginnings.com/images/default-source/cfcu-branded/cfcu-other-images/home-buyer-event9e16.jpg]
[www.beginnings.com/images/default-source/events/event-images---cfcu-branded/Event-Icon-Websitec703.jpg]
[www.beginnings.com/about-us/news-events.html]
[www.beginnings.com/about-us/news-events/events-calendar.html]
[www.beginnings.com/images/default-source/header-images/about-us/banner-header-newsletters20d8.jpg]
[www.beginnings.com/docs/default-source/newsletters/beginnings_2025_q3_newsletterad64.pdf]
[www.beginnings.com/about-us/news-events/newsletter.html]
[www.beginnings.com/images/default-source/quicklinks/ql-icon14683.svg]
[www.beginnings.com/images/default-source/quicklinks/ql-icon3f56b.svg]
[www.beginnings.com/images/default-source/quicklinks/ql-icon4778f.svg]
[www.beginnings.com/images/default-source/quicklinks/ql-icon6cba6.svg]
[www.beginnings.com/images/default-source/quicklinks/ql-icon5c35d.svg]
[www.beginnings.com/images/default-source/header-images/beginnings-brand-treated-form-adr/helpfaqs_stocksy_3003781_stylized47bf.png]
[www.beginnings.com/other/help-faqs.html]
[www.beginnings.com/images/default-source/quicklinks/ql-icon777fa.svg]
[www.beginnings.com/images/default-source/logos/beg_logo_wtag_horiz_whitea295.svg]
[www.beginnings.com/images/default-source/new-branding/app_icon83fc.svg]
[www.beginnings.com/images/default-source/header-images/other/web-accessibilityaf9f.jpg]
[www.beginnings.com/other/website-accessibility.html]
[www.beginnings.com/images/default-source/header-images/other/help-faqsb2ad.jpg]
[www.beginnings.com/other/privacydisclosure.html]
[www.beginnings.com/other/help-faqs/terms-and-conditions.html]
[www.beginnings.com/images/default-source/header-images/other/sitemap34df.jpg]
[www.beginnings.com/sitemap.html]
[www.beginnings.com/business/business-faqs.html]
[www.beginnings.com/ResourcePackages/Custom/assets/fonts/Assistant.html]
[www.beginnings.com/ResourcePackages/Custom/assets/images/Elements/rates-background.svg]
[www.beginnings.com/ResourcePackages/Custom/assets/images/Elements/PopUpElement.svg]
[www.beginnings.com/ResourcePackages/Custom/assets/images/loading.gif]
[www.beginnings.com/ResourcePackages/Custom/assets/css/main-inside7c49.css]
[www.beginnings.com/images/default-source/logos/ApplePay0705.png]
[www.beginnings.com/images/default-source/logos/Google-Paye235.png]
[www.beginnings.com/personal/deposit-accounts/checking/digital-wallet-faqs.html]
[www.beginnings.com/images/default-source/header-images/other/personal-signup-estatements-documentsf771.jpg]
[www.beginnings.com/personal/resources/about-digital-mobile-banking/sign-up-for-estatements-and-other-electronic-documents.html]
[www.beginnings.com/personal/deposit-accounts/student-checking.html]
[www.beginnings.com/personal/deposit-accounts/checking/high-yield-checking.html]
[www.beginnings.com/images/default-source/icons/icon-49f58.svg]
[www.beginnings.com/images/default-source/header-images/beginnings-brand-treated-form-adr/rates_stocksy_3696923_stylized0461.png]
[www.beginnings.com/other/rates.html]
[www.beginnings.com/images/default-source/icons/icon-28f1d.svg]
[www.beginnings.com/images/default-source/header-images/deposit-accounts/personal-how-to-set-up-direct-deposit75b6.jpg]
[www.beginnings.com/personal/deposit-accounts/checking/how-to-set-up-direct-deposit.html]
[www.beginnings.com/images/default-source/icons/icon-11301.svg]
[www.beginnings.com/images/default-source/icons/icon-3e4c9.svg]
[www.beginnings.com/other/checking-faqs.html]
[www.beginnings.com/images/default-source/icons/faqs-icnebbb.svg]
[www.beginnings.com/images/default-source/header-images/deposit-accounts/personal-click-switch12a4.jpg]
[www.beginnings.com/personal/deposit-accounts/checking/clickswitch.html]
[www.beginnings.com/personal/deposit-accounts/checking/rewards-checking-in-ithaca-new-york.html]
[www.beginnings.com/personal/deposit-accounts/checking/rewards-checking-in-cortland-new-york.html]
[www.beginnings.com/personal/deposit-accounts/checking/rewards-checking-in-waterloo-new-york.html]
[www.beginnings.com/personal/deposit-accounts/checking/rewards-checking-in-north-syracuse-new-york.html]
[www.beginnings.com/personal/deposit-accounts/checking/rewards-checking-in-east-syracuse-new-york.html]
[www.beginnings.com/images/default-source/header-images/home-loans/personal-dream-home-club22ad.jpg]
[www.beginnings.com/personal/home-loans/mortgage-loans/dream-home-club.html]
[www.beginnings.com/other/savings-faqs.html]
[www.beginnings.com/ResourcePackages/Custom/assets/js/iframeResizer.min.js]
[www.beginnings.com/personal/resources/calculators/savings-calculator.html]
[www.beginnings.com/images/default-source/icons/icon-660a2.svg]
[www.beginnings.com/images/default-source/icons/icon-7c9aa.svg]
[www.beginnings.com/docs/default-source/disclosures/new-beginnings-cert-promo-2025-final4d2c.pdf]
[www.beginnings.com/personal/deposit-accounts/certificate-promotion.html]
[www.beginnings.com/personal/deposit-accounts/savings/savings-accounts-in-ithaca-new-york.html]
[www.beginnings.com/personal/deposit-accounts/savings/savings-accounts-in-cortland-new-york.html]
[www.beginnings.com/personal/deposit-accounts/savings/savings-accounts-in-waterloo-new-york.html]
[www.beginnings.com/personal/deposit-accounts/savings/savings-accounts-in-north-syracuse-new-york.html]
[www.beginnings.com/personal/deposit-accounts/savings/savings-accounts-in-east-syracuse-new-york.html]
[www.beginnings.com/other/certificate-faqs.html]
[www.beginnings.com/personal/deposit-accounts/certificates/certificates-in-ithaca-new-york.html]
[www.beginnings.com/personal/deposit-accounts/certificates/certificates-in-cortland-new-york.html]
[www.beginnings.com/personal/deposit-accounts/certificates/certificates-in-waterloo-new-york.html]
[www.beginnings.com/personal/deposit-accounts/certificates/certificates-in-north-syracuse-new-york.html]
[www.beginnings.com/personal/deposit-accounts/certificates/certificates-in-east-syracuse-new-york.html]
[www.beginnings.com/images/default-source/header-images/other/personal-bill-pay1c4d.jpg]
[www.beginnings.com/personal/deposit-accounts/lucky-savers/ithaca-new-york-lucky-savers-share-certificate.html]
[www.beginnings.com/personal/deposit-accounts/lucky-savers/cortland-new-york-lucky-savers-share-certificate.html]
[www.beginnings.com/personal/deposit-accounts/lucky-savers/waterloo-new-york-lucky-savers-share-certificate.html]
[www.beginnings.com/personal/deposit-accounts/lucky-savers/north-syracuse-new-york-lucky-savers-share-certificate.html]
[www.beginnings.com/personal/deposit-accounts/lucky-savers/east-syracuse-new-york-lucky-savers-share-certificate.html]
[www.beginnings.com/other/RewardsCreditCard-faqs.html]
[www.beginnings.com/images/default-source/icons/no5bf4.svg]
[www.beginnings.com/images/default-source/icons/icon-94389.svg]
[www.beginnings.com/images/default-source/icons/icon-10f8b8.svg]
[www.beginnings.com/images/default-source/icons/online-pay738d.svg]
[www.beginnings.com/images/default-source/icons/app-checklistf208.svg]
[www.beginnings.com/images/default-source/icons/staff30a6.svg]
[www.beginnings.com/personal/resources/calculators/loan-payment-calculator.html]
[www.beginnings.com/images/default-source/icons/calculator-23987.svg]
[www.beginnings.com/personal/resources/calculators/personal-debt-consolidation-calculator.html]
[www.beginnings.com/images/default-source/icons/icon-83f39.svg]
[www.beginnings.com/images/default-source/icons/skip-a-pay5ce9.svg]
[www.beginnings.com/images/default-source/icons/shake-hands46d2.svg]
[www.beginnings.com/images/default-source/icons/pay2832.svg]
[www.beginnings.com/personal/resources/calculators/balance-transfer-calculator.html]
[www.beginnings.com/images/default-source/icons/mastercard1396.svg]
[www.beginnings.com/images/default-source/icons/mastercard-promo081e.svg]
[www.beginnings.com/personal/loans/rewards-credit-cards/rewards-credit-cards-in-ithaca-new-york.html]
[www.beginnings.com/personal/loans/rewards-credit-cards/rewards-credit-cards-in-cortland-new-york.html]
[www.beginnings.com/personal/loans/rewards-credit-cards/rewards-credit-cards-in-waterloo-new-york.html]
[www.beginnings.com/personal/loans/rewards-credit-cards/rewards-credit-cards-in-north-syracuse-new-york.html]
[www.beginnings.com/personal/loans/rewards-credit-cards/rewards-credit-cards-in-east-syracuse-new-york.html]
[www.beginnings.com/personal/resources/calculators/auto-loan-calculator.html]
[www.beginnings.com/personal/loans/auto-loans/auto-loans-in-ithaca-new-york.html]
[www.beginnings.com/personal/loans/auto-loans/auto-loans-in-cortland-new-york.html]
[www.beginnings.com/personal/loans/auto-loans/auto-loans-in-waterloo-new-york.html]
[www.beginnings.com/personal/loans/auto-loans/auto-loans-in-north-syracuse-new-york.html]
[www.beginnings.com/personal/loans/auto-loans/auto-loans-in-east-syracuse-new-york.html]
[www.beginnings.com/images/default-source/icons/boate256.svg]
[www.beginnings.com/images/default-source/icons/rv7e9a.svg]
[www.beginnings.com/images/default-source/icons/snowmobile7bae.svg]
[www.beginnings.com/images/default-source/icons/atv181f.svg]
[www.beginnings.com/images/default-source/icons/dritbikeb05a.svg]
[www.beginnings.com/images/default-source/icons/lawn-tractorf031.svg]
[www.beginnings.com/images/default-source/header-images/home-loans/personal-fixed-rate-mortgage60d6.jpg]
[www.beginnings.com/personal/home-loans/mortgage-loans/fixed-rate-mortgages.html]
[www.beginnings.com/images/default-source/header-images/home-loans/personal-no-closing-cost-mortgagea1e4.jpg]
[www.beginnings.com/personal/home-loans/mortgage-loans/no-closing-cost-mortgages.html]
[www.beginnings.com/images/default-source/header-images/home-loans/personal-adjustable-rate-mortgage4e79.jpg]
[www.beginnings.com/personal/home-loans/mortgage-loans/adjustable-rate-mortgages.html]
[www.beginnings.com/images/default-source/header-images/home-loans/personal-government-home-loandce14224-460d-4b6e-9b4e-75383638bd1e6a57.jpg]
[www.beginnings.com/personal/home-loans/mortgage-loans/government-home-loan-programs.html]
[www.beginnings.com/images/default-source/header-images/home-loans/personal-jumbo-mortgage14b3.jpg]
[www.beginnings.com/personal/home-loans/mortgage-loans/jumbo-mortgages.html]
[www.beginnings.com/images/default-source/header-images/home-loans/personal-medical-professionals-mortgage7482a343-699b-4bde-81cf-be32191b4a14cac0.jpg]
[www.beginnings.com/personal/home-loans/mortgage-loans/medical-professionals-mortgage-program.html]
[www.beginnings.com/images/default-source/other-images/stock-images/lkcs-webpage-banner-copydc79.jpg]
[www.beginnings.com/personal/home-loans/mortgage-loans/community-heroes-mortgage-program.html]
[www.beginnings.com/images/default-source/header-images/other/contact-staff537d.jpg]
[www.beginnings.com/images/default-source/staff/headshots/nicole-cottone-picture-20225672.jpg]
[www.beginnings.com/personal/home-loans/meet-the-mortgage-team/nicole-cottone.html]
[www.beginnings.com/images/default-source/staff/headshots/jayne-ellis-picture-2022d8abf17ab17c44e38e369499cfb77309a65b.jpg]
[www.beginnings.com/personal/home-loans/meet-the-mortgage-team/jayne-ellis.html]
[www.beginnings.com/images/default-source/staff/headshots/sean-loomis-picture-2022de2b850d7fc148738f0d8c57c3baa2ecd443.jpg]
[www.beginnings.com/personal/home-loans/meet-the-mortgage-team/sean-loomis.html]
[www.beginnings.com/images/default-source/staff/headshots/kim-rozell-picture-20229d7685c8ed2d4105b610fae62457739eab9b.jpg]
[www.beginnings.com/personal/home-loans/meet-the-mortgage-team/kimberly-rozell.html]
[www.beginnings.com/personal/home-loans/mortgage-loans/dream-home-club812a.html]
[www.beginnings.com/images/default-source/logos/Finger-Lakes-Favorites_Mortgage-Page-copye6bd.png]
[www.beginnings.com/personal/home-loans/mortgage-loans/mortgage-loans-ithaca--new-york.html]
[www.beginnings.com/personal/home-loans/mortgage-loans/mortgage-loans-cortland-new-york.html]
[www.beginnings.com/personal/home-loans/mortgage-loans/mortgage-loans-waterloo-new-york.html]
[www.beginnings.com/personal/home-loans/mortgage-loans/mortgage-loans-north-syracuse-new-york.html]
[www.beginnings.com/personal/home-loans/mortgage-loans/mortgage-loans-east-syracuse-new-york.html]
[www.beginnings.com/images/default-source/icons/rates-28957.svg]
[www.beginnings.com/images/default-source/header-images/beginnings-brand-treated-form-adr/cfcumore_adobestock_184067141_stylizedc91d.png]
[www.beginnings.com/personal/resources/about-digital-mobile-banking/set-up-account-alerts.html]
[www.beginnings.com/images/default-source/header-images/other/secure-messaging-staff055c.jpg]
[www.beginnings.com/personal/resources/about-digital-mobile-banking/secure-messaging-with-staff.html]
[www.beginnings.com/images/default-source/header-images/other/personal-update-contact-info1e96.jpg]
[www.beginnings.com/personal/resources/about-digital-mobile-banking/update-contact-information.html]
[www.beginnings.com/images/default-source/header-images/beginnings-brand-treated-form-adr/mobilecheckdeposit_stocksy_3671060_stylized3df0.png]
[www.beginnings.com/personal/resources/about-digital-mobile-banking/mobile-check-deposit.html]
[www.beginnings.com/images/default-source/header-images/beginnings-brand-treated-form-adr/billpay_stocksy_5758520_stylized9bfe.png]
[www.beginnings.com/personal/resources/about-digital-mobile-banking/bill-pay.html]
[www.beginnings.com/images/default-source/header-images/other/personal-digital-banking-tour7725.jpg]
[www.beginnings.com/personal/resources/about-digital-mobile-banking/electronic-signature-act-disclosure.html]
[www.beginnings.com/business/resources/meet-the-business-team/shine-gonzalez.html]
[www.beginnings.com/images/default-source/icons/mission-vison-values6456.svg]
[www.beginnings.com/images/default-source/icons/app-documentscf14.svg]
[www.beginnings.com/images/default-source/icons/protectionbfc7.svg]
[www.beginnings.com/images/default-source/icons/business-money8b50.svg]
[www.beginnings.com/other/member-forms/contact-business-team.html]
[www.beginnings.com/other/member-forms/contact-commercial-mortgage-team.html]
[www.beginnings.com/images/default-source/other-images/stock-images/header-commercial-loan-mortgage4392.jpg]
[www.beginnings.com/docs/default-source/commercial-mortgage-docs/Business-Loan-Application-Packet50e5.pdf]
[www.beginnings.com/docs/default-source/commercial-mortgage-docs/GAS-LEASE-DISCLOSURE28df.pdf]
[www.beginnings.com/docs/default-source/commercial-mortgage-docs/Environmental-Questionnaire581b.pdf]
[www.beginnings.com/business/commercial-real-estate-loans/commercial-mortgage-application.html]
[www.beginnings.com/business/commercial-real-estate-loans/commercial-mortgages/commercial-mortgages-in-ithaca-new-york.html]
[www.beginnings.com/business/commercial-real-estate-loans/commercial-mortgages/commercial-mortgages-in-cortland-new-york.html]
[www.beginnings.com/business/commercial-real-estate-loans/commercial-mortgages/commercial-mortgages-in-waterloo-new-york.html]
[www.beginnings.com/business/commercial-real-estate-loans/commercial-mortgages/commercial-mortgages-in-north-syracuse-new-york.html]
[www.beginnings.com/business/commercial-real-estate-loans/commercial-mortgages/commercial-mortgages-in-east-syracuse-new-york.html]
[www.beginnings.com/images/default-source/icons/real-estate-loc3fad.svg]
[www.beginnings.com/business/resources/meet-the-business-team/mark-kenjerska.html]
[www.beginnings.com/business/resources/meet-the-business-team/philip-shay.html]
[www.beginnings.com/images/default-source/header-images/beginnings-brand-treated-form-adr/vtm_stocksy_357157_stylized4b99.png]
[www.beginnings.com/personal/resources/about-digital-mobile-banking/virtual-teller-machine.html]
[www.beginnings.com/images/default-source/icons/ChatBubbleac03.svg]
[www.beginnings.com/other/member-forms/donation-request-form.html]
[www.beginnings.com/images/default-source/icons/event8fbd.svg]
[www.beginnings.com/images/default-source/header-images/other/error40e4.jpg]
[www.beginnings.com/error/indexd838.html]
[www.beginnings.com/error/index0dae.html]
[www.beginnings.com/error/index370f.html]
[www.beginnings.com/error/indexc9dd.html]
[www.beginnings.com/error/indexd47e.html]
[www.beginnings.com/error/index9376.html]
[www.beginnings.com/error/index0d41.html]
[www.beginnings.com/error/index387b.html]
[www.beginnings.com/error/index9722.html]
[www.beginnings.com/error/index489f.html]
[www.beginnings.com/error/index07c4.html]
[www.beginnings.com/error/index37a3.html]
[www.beginnings.com/error/indexed2e.html]
[www.beginnings.com/images/default-source/events/cortland-logob7ef.svg]
[www.beginnings.com/error/index830d.html]
[www.beginnings.com/error/indexd7c9.html]
[www.beginnings.com/error/indexb9c4.html]
[www.beginnings.com/error/indexdd74.html]
[www.beginnings.com/error/index31cb.html]
[www.beginnings.com/about-us/news-events/'https_/www.beginnings.com/images/default-source/events/event-images---cfcu-branded/cfcu-sidewalk-showcased7e60f61-5bf1-4a1a-854a-8b16a86889fd.4b82249]
[www.beginnings.com/error/index59b7.html]
[www.beginnings.com/error/index56ca.html]
[www.beginnings.com/error/indexa8f8.html]
[www.beginnings.com/error/index4405.html]
[www.beginnings.com/error/index069f.html]
[www.beginnings.com/error/index2050.html]
[www.beginnings.com/error/indexd6d2.html]
[www.beginnings.com/error/indexd160.html]
[www.beginnings.com/error/index4c86.html]
[www.beginnings.com/other/help-faqs/online-privacy-policy.html]
[www.beginnings.com/personal/home-loans/home-equity-loans#HELOC.html]
[www.beginnings.com/modules/images/markers/branches.html]
[www.beginnings.com/modules/images/markers/shared-branches.html]
[www.beginnings.com/modules/images/markers/atms.html]
[www.beginnings.com/modules/images/markers/shared-atms.html]
[www.beginnings.com/personal/deposit-accounts/savings/d35cd211-049a-41e5-8211-5b72d9f7d4ba.html]
[www.beginnings.com/contact-nicole-cottone.html]
[www.beginnings.com/contact-jayne-ellis.html]
[www.beginnings.com/contact-sean-loomis.html]
[www.beginnings.com/contact-kimberly-rozell.html]
[www.beginnings.com/contact-shine-gonzalez.html]
[www.beginnings.com/contact-mark-kenjerska.html]
[www.beginnings.com/contact-philip-shay.html]
[www.beginnings.com/error.html]
[www.beginnings.com/error/index56db.html]
